GHCi, version 9.0.2: https://www.haskell.org/ghc/  :? for help
Loaded GHCi configuration from /home/noa/bprog2022/.ghci
2022-05-19 15:41:41.701489965
>>> GHCi, version 9.0.2: https://www.haskell.org/ghc/  :? for help
Loaded GHCi configuration from /home/noa/bprog2022/.ghci
2022-05-19 15:52:45.969280708
>>> 23+5
28
2022-05-19 15:54:43.012639427
>>> 3+2*5
13
2022-05-19 15:55:06.360819113
>>> （3＋2）＊5

<interactive>:3:1: error: lexical error at character '3'
2022-05-19 15:56:21.846558189
>>> ５ー2

<interactive>:4:1: error: lexical error at character '\65301'
2022-05-19 15:57:26.351460827
>>> 5－2

<interactive>:5:2: error:
    Variable not in scope: (－) :: t0 -> t1 -> t
2022-05-19 15:57:32.26676243
>>> 5-2
3
2022-05-19 15:57:43.473796333
>>> 
2022-05-19 15:58:03.262771119
>>> (3+2)*5
25
2022-05-19 16:00:19.599998026
>>> sqrt2

<interactive>:9:1: error:
    • Variable not in scope: sqrt2
    • Perhaps you meant ‘sqrt’ (imported from Prelude)
2022-05-19 16:01:33.499753427
>>> sqrt 2
1.4142135623730951
2022-05-19 16:01:56.629752424
>>> double 3

<interactive>:11:1: error: Variable not in scope: double :: t0 -> t
2022-05-19 16:02:18.529852529
>>> 
2022-05-19 16:02:38.896137434
>>> GHCi, version 9.0.2: https://www.haskell.org/ghc/  :? for help
Loaded GHCi configuration from /home/noa/bprog2022/.ghci
2022-05-26 15:02:10.545610373
>>> maxBound :: Int
9223372036854775807
2022-05-26 15:03:44.584183723
>>> 2 ^

<interactive>:2:4: error:
    parse error (possibly incorrect indentation or mismatched brackets)
2022-05-26 15:05:51.784190963
>>> 
2022-05-26 15:05:55.208589683
>>> 2 ^63 - 1
9223372036854775807
2022-05-26 15:06:17.015057535
>>> minBound :: Int
-9223372036854775808
2022-05-26 15:06:43.938129607
>>> :e src/First.hs
   1  module First where
   2  
   3  double :: Int ->Int
   4  double x = x + x
Ok, no modules loaded.
2022-05-26 15:53:20.57004007
>>>  :l src/First.hs
[1 of 1] Compiling First            ( src/First.hs, interpreted )
Ok, one module loaded.
2022-05-26 15:53:20.650582929
>>>  double 3
6
2022-05-26 15:56:33.571906564
>>>  double 123
246
2022-05-26 15:56:48.665995718
>>>  :q
Leaving GHCi.
GHCi, version 9.0.2: https://www.haskell.org/ghc/  :? for help
Loaded GHCi configuration from /home/noa/bprog2022/.ghci
2022-06-09 14:55:18.508876849
>>> 2+3*4
14
2022-06-09 14:58:10.732714101
>>> 2+3+4*5
25
2022-06-09 14:59:16.627180419
>>> (2+3)*4
20
2022-06-09 15:00:24.261846672
>>> 
2022-06-09 15:00:43.369825211
>>> :i sqrt
type Floating :: * -> Constraint
class Fractional a => Floating a where
  ...
  sqrt :: a -> a
  ...
  	-- Defined in ‘GHC.Float’
2022-06-09 15:01:05.352767914
>>> sqrt(3^2+4^2)
5.0
2022-06-09 15:04:44.918826542
>>> sqrt(25::Int)

<interactive>:7:1: error:
    • No instance for (Floating Int) arising from a use of ‘sqrt’
    • In the expression: sqrt (25 :: Int)
      In an equation for ‘it’: it = sqrt (25 :: Int)
2022-06-09 15:08:24.489690092
>>> sqrt(25::Double

<interactive>:8:16: error:
    parse error (possibly incorrect indentation or mismatched brackets)
2022-06-09 15:09:46.440655105
>>> sqrt(25::Double)
5.0
2022-06-09 15:10:19.361902472
>>> 25
25
2022-06-09 15:11:58.469442988
>>> sqrt25

<interactive>:11:1: error:
    • Variable not in scope: sqrt25
    • Perhaps you meant ‘sqrt’ (imported from Prelude)
2022-06-09 15:12:05.318109891
>>> sqrt 25
5.0
2022-06-09 15:12:21.236465379
>>> hoge 25 :: Int

<interactive>:13:1: error: Variable not in scope: hoge :: t0 -> Int
2022-06-09 15:13:35.251184192
>>> head[1,2,3]
1
2022-06-09 15:46:48.263852477
>>> head[3,1,4,1,5]
3
2022-06-09 15:47:20.328965156
>>> head[]
*** Exception: Prelude.head: empty list
2022-06-09 15:49:12.936862341
>>> hoge=[3,1,4,1,5]::[Int]
2022-06-09 15:50:47.4787061
>>> hoge
[3,1,4,1,5]
2022-06-09 15:51:06.119151388
>>> head hoge
3
2022-06-09 15:51:32.927994335
>>> tail hoge
[1,4,1,5]
2022-06-09 15:51:49.427840075
>>> tail[]
*** Exception: Prelude.tail: empty list
2022-06-09 15:52:47.964345148
>>> hoge !! 0
3
2022-06-09 15:55:26.741017328
>>> hoge  2 !! hoge

<interactive>:23:1: error:
    • Couldn't match expected type: t0 -> [a]
                  with actual type: [Int]
    • The function ‘hoge’ is applied to one value argument,
        but its type ‘[Int]’ has none
      In the first argument of ‘(!!)’, namely ‘hoge 2’
      In the expression: hoge 2 !! hoge
    • Relevant bindings include it :: a (bound at <interactive>:23:1)

<interactive>:23:12: error:
    • Couldn't match expected type ‘Int’ with actual type ‘[Int]’
    • In the second argument of ‘(!!)’, namely ‘hoge’
      In the expression: hoge 2 !! hoge
      In an equation for ‘it’: it = hoge 2 !! hoge
2022-06-09 15:55:45.047046328
>>> take 3 hoge
[3,1,4]
2022-06-09 15:56:41.958535916
>>> dorp 3 hoge

<interactive>:25:1: error:
    • Variable not in scope: dorp :: t0 -> [Int] -> t
    • Perhaps you meant ‘drop’ (imported from Prelude)
2022-06-09 15:57:43.890593858
>>> hoge
[3,1,4,1,5]
2022-06-09 15:57:57.205088651
>>> dorp 3 hoge

<interactive>:27:1: error:
    • Variable not in scope: dorp :: t0 -> [Int] -> t
    • Perhaps you meant ‘drop’ (imported from Prelude)
2022-06-09 15:58:07.818595363
>>> drop 3 hoge
[1,5]
2022-06-09 15:58:29.517964303
>>> hoge !!5
*** Exception: Prelude.!!: index too large
2022-06-09 15:59:06.252540053
>>> take10

<interactive>:30:1: error:
    • Variable not in scope: take10
    • Perhaps you meant ‘take’ (imported from Prelude)
2022-06-09 15:59:14.645166271
>>> length hoge
5
2022-06-09 16:01:18.284805694
>>> hoge++hoge
[3,1,4,1,5,3,1,4,1,5]
2022-06-09 16:05:28.453780683
>>> reverse hoge
[5,1,4,1,3]
2022-06-09 16:05:55.883521627
>>> load src/First.hs

<interactive>:34:10: error:
    Not in scope: ‘First.hs’
    No module named ‘First’ is imported.
2022-06-09 16:08:49.743296736
>>> load src/First.hs

<interactive>:35:10: error:
    Not in scope: ‘First.hs’
    No module named ‘First’ is imported.
2022-06-09 16:09:40.386940082
>>> :e src/First.hs
   1  module First where
   2  
   3  double :: Int ->Int
   4  double x = x + x
Ok, no modules loaded.
2022-06-09 16:10:41.906851184
>>> :load src/First.hs
[1 of 1] Compiling First            ( src/First.hs, interpreted )
Ok, one module loaded.
2022-06-09 16:10:41.946797757
>>> :quit
Leaving GHCi.
GHCi, version 9.0.2: https://www.haskell.org/ghc/  :? for help
Loaded GHCi configuration from /home/noa/bprog2022/.ghci
2022-06-10 21:59:52.210134123
>>> :e src/First.hs
   1  module First where
   2  
   3  double :: Int ->Int
   4  double x = x + x
   5  
   6  
   7  quadruple x = double (double x)
Ok, no modules loaded.
2022-06-10 22:00:39.039094582
>>> :load src/First.hs
[1 of 1] Compiling First            ( src/First.hs, interpreted )
Ok, one module loaded.
2022-06-10 22:00:39.128036022
>>> [1 of 1]Compiling First

<interactive>:3:4: error: parse error on input ‘of’
2022-06-10 22:01:40.741149248
>>> [1 of 1] Compiling First

<interactive>:4:4: error: parse error on input ‘of’
2022-06-10 22:03:11.395560122
>>> 
2022-06-10 22:03:46.226419351
>>> quadruple 3
12
2022-06-10 22:04:13.867088188
>>> 
2022-06-10 22:09:35.068681982
>>> :e
   1  module First where
   2  
   3  double :: Int ->Int
   4  double x = x + x
   5  
   6  quadruple :: Int -> Int
   7  quadruple x = double (double x)
[1 of 1] Compiling First            ( src/First.hs, interpreted )
Ok, one module loaded.
2022-06-10 22:09:46.218711909
>>> :quit
Leaving GHCi.
